******************************************************************************
                  TI ARM Linker PC v5.0.4                      
******************************************************************************
>> Linked Sat Nov 01 16:50:47 2014

OUTPUT FILE NAME:   <TIVATUT_BlinkingLED.out>
ENTRY POINT SYMBOL: "_c_int00"  address: 00000791


MEMORY CONFIGURATION

         name            origin    length      used     unused   attr    fill
----------------------  --------  ---------  --------  --------  ----  --------
  FLASH                 00000000   00040000  000009b8  0003f648  R  X
  SRAM                  20000000   00008000  00000214  00007dec  RW X


SEGMENT ALLOCATION MAP

run origin  load origin   length   init length attrs members
----------  ----------- ---------- ----------- ----- -------
00000000    00000000    000009b8   000009b8    r-x
  00000000    00000000    0000026c   0000026c    r-- .intvecs
  0000026c    0000026c    000006c0   000006c0    r-x .text
  0000092c    0000092c    0000006c   0000006c    r-- .const
  00000998    00000998    00000020   00000020    r-- .cinit
20000000    20000000    00000200   00000000    rw-
  20000000    20000000    00000200   00000000    rw- .stack
20000200    20000200    00000014   00000014    rw-
  20000200    20000200    00000014   00000014    rw- .data


SECTION ALLOCATION MAP

 output                                  attributes/
section   page    origin      length       input sections
--------  ----  ----------  ----------   ----------------
.intvecs   0    00000000    0000026c     
                  00000000    0000026c     startup_ccs.obj (.intvecs)

.init_array 
*          0    00000000    00000000     UNINITIALIZED

.text      0    0000026c    000006c0     
                  0000026c    00000130     driverlib.lib : gpio.obj (.text:GPIOPadConfigSet)
                  0000039c    00000118                   : sysctl.obj (.text:SysCtlClockGet)
                  000004b4    000000f0                   : sysctl.obj (.text:SysCtlClockSet)
                  000005a4    0000009c     rtsv7M4_T_le_v4SPD16_eabi.lib : memcpy_t2.obj (.text)
                  00000640    00000094                                   : auto_init.obj (.text)
                  000006d4    0000005e                                   : copy_decompress_rle.obj (.text)
                  00000732    00000002     --HOLE-- [fill = 0]
                  00000734    0000005c     main.obj (.text)
                  00000790    00000048     rtsv7M4_T_le_v4SPD16_eabi.lib : boot.obj (.text)
                  000007d8    00000044                                   : cpy_tbl.obj (.text)
                  0000081c    00000040                                   : exit.obj (.text)
                  0000085c    00000034     driverlib.lib : sysctl.obj (.text:SysCtlPeripheralEnable)
                  00000890    0000002a                   : gpio.obj (.text:GPIODirModeSet)
                  000008ba    00000018                   : gpio.obj (.text:GPIOPinTypeGPIOOutput)
                  000008d2    00000002     --HOLE-- [fill = 0]
                  000008d4    00000018     rtsv7M4_T_le_v4SPD16_eabi.lib : args_main.obj (.text)
                  000008ec    00000014                                   : _lock.obj (.text)
                  00000900    0000000e                                   : copy_decompress_none.obj (.text:decompress:none)
                  0000090e    0000000c     startup_ccs.obj (.text)
                  0000091a    00000006     driverlib.lib : gpio.obj (.text:GPIOPinWrite)
                  00000920    00000006                   : sysctl.obj (.text:SysCtlDelay)
                  00000926    00000006     rtsv7M4_T_le_v4SPD16_eabi.lib : copy_decompress_rle.obj (.text:decompress:rle24)

.const     0    0000092c    0000006c     
                  0000092c    0000006c     driverlib.lib : sysctl.obj (.const:g_pui32Xtals)

.cinit     0    00000998    00000020     
                  00000998    0000000f     (.cinit..data.load) [load image, compression = rle]
                  000009a7    00000001     --HOLE-- [fill = 0]
                  000009a8    00000008     (__TI_handler_table)
                  000009b0    00000008     (__TI_cinit_table)

.stack     0    20000000    00000200     UNINITIALIZED
                  20000000    00000200     --HOLE--

.data      0    20000200    00000014     
                  20000200    00000008     rtsv7M4_T_le_v4SPD16_eabi.lib : _lock.obj (.data)
                  20000208    00000008                                   : exit.obj (.data)
                  20000210    00000004                                   : stkdepth_vars.obj (.data)


LINKER GENERATED COPY TABLES

__TI_cinit_table @ 000009b0 records: 1, size/record: 8, table size: 8
	.data: load addr=00000998, load size=0000000f bytes, run addr=20000200, run size=00000014 bytes, compression=rle


LINKER GENERATED HANDLER TABLE

__TI_handler_table @ 000009a8 records: 2, size/record: 4, table size: 8
	index: 0, handler: __TI_decompress_rle24
	index: 1, handler: __TI_decompress_none


GLOBAL SYMBOLS: SORTED ALPHABETICALLY BY Name 

address    name
--------   ----
0000081d   C$$EXIT
00000891   GPIODirModeSet
0000026d   GPIOPadConfigSet
000008bb   GPIOPinTypeGPIOOutput
0000091b   GPIOPinWrite
0000090f   ResetISR
UNDEFED    SHT$$INIT_ARRAY$$Base
UNDEFED    SHT$$INIT_ARRAY$$Limit
0000039d   SysCtlClockGet
000004b5   SysCtlClockSet
00000921   SysCtlDelay
0000085d   SysCtlPeripheralEnable
20000200   __STACK_END
00000200   __STACK_SIZE
20000200   __STACK_TOP
000009b0   __TI_CINIT_Base
000009b8   __TI_CINIT_Limit
000009a8   __TI_Handler_Table_Base
000009b0   __TI_Handler_Table_Limit
00000001   __TI_args_main
00000641   __TI_auto_init
00000901   __TI_decompress_none
00000927   __TI_decompress_rle24
00000000   __TI_static_base__
000005a5   __aeabi_memcpy
000005a5   __aeabi_memcpy4
000005a5   __aeabi_memcpy8
ffffffff   __binit__
ffffffff   __c_args__
20000000   __stack
000008d5   _args_main
00000791   _c_int00
20000208   _cleanup_ptr
2000020c   _dtors_ptr
20000200   _lock
000008fb   _nop
000008f3   _register_lock
000008ed   _register_unlock
20000204   _unlock
00000821   abort
ffffffff   binit
000007d9   copy_in
00000829   exit
00000000   g_pfnVectors
00000735   main
20000210   main_func_sp
000005a5   memcpy


GLOBAL SYMBOLS: SORTED BY Symbol Address 

address    name
--------   ----
00000000   __TI_static_base__
00000000   g_pfnVectors
00000001   __TI_args_main
00000200   __STACK_SIZE
0000026d   GPIOPadConfigSet
0000039d   SysCtlClockGet
000004b5   SysCtlClockSet
000005a5   __aeabi_memcpy
000005a5   __aeabi_memcpy4
000005a5   __aeabi_memcpy8
000005a5   memcpy
00000641   __TI_auto_init
00000735   main
00000791   _c_int00
000007d9   copy_in
0000081d   C$$EXIT
00000821   abort
00000829   exit
0000085d   SysCtlPeripheralEnable
00000891   GPIODirModeSet
000008bb   GPIOPinTypeGPIOOutput
000008d5   _args_main
000008ed   _register_unlock
000008f3   _register_lock
000008fb   _nop
00000901   __TI_decompress_none
0000090f   ResetISR
0000091b   GPIOPinWrite
00000921   SysCtlDelay
00000927   __TI_decompress_rle24
000009a8   __TI_Handler_Table_Base
000009b0   __TI_CINIT_Base
000009b0   __TI_Handler_Table_Limit
000009b8   __TI_CINIT_Limit
20000000   __stack
20000200   __STACK_END
20000200   __STACK_TOP
20000200   _lock
20000204   _unlock
20000208   _cleanup_ptr
2000020c   _dtors_ptr
20000210   main_func_sp
ffffffff   __binit__
ffffffff   __c_args__
ffffffff   binit
UNDEFED    SHT$$INIT_ARRAY$$Base
UNDEFED    SHT$$INIT_ARRAY$$Limit

[47 symbols]
