******************************************************************************
                  TI ARM Linker PC v5.1.8                      
******************************************************************************
>> Linked Fri Oct 31 22:56:40 2014

OUTPUT FILE NAME:   <TIVAM4_TUT_UART_UsingInterrupts.out>
ENTRY POINT SYMBOL: "_c_int00"  address: 00000869


MEMORY CONFIGURATION

         name            origin    length      used     unused   attr    fill
----------------------  --------  ---------  --------  --------  ----  --------
  FLASH                 00000000   00040000  00000c60  0003f3a0  R  X
  SRAM                  20000000   00008000  00000214  00007dec  RW X


SEGMENT ALLOCATION MAP

run origin  load origin   length   init length attrs members
----------  ----------- ---------- ----------- ----- -------
00000000    00000000    00000c60   00000c60    r-x
  00000000    00000000    0000026c   0000026c    r-- .intvecs
  0000026c    0000026c    00000880   00000880    r-x .text
  00000aec    00000aec    00000154   00000154    r-- .const
  00000c40    00000c40    00000020   00000020    r-- .cinit
20000000    20000000    00000214   00000000    rw-
  20000000    20000000    00000200   00000000    rw- .stack
  20000200    20000200    00000014   00000000    rw- .data


SECTION ALLOCATION MAP

 output                                  attributes/
section   page    origin      length       input sections
--------  ----  ----------  ----------   ----------------
.intvecs   0    00000000    0000026c     
                  00000000    0000026c     tm4c123gh6pm_startup_ccs.obj (.intvecs)

.init_array 
*          0    00000000    00000000     UNINITIALIZED

.text      0    0000026c    00000880     
                  0000026c    00000144     main.obj (.text)
                  000003b0    00000104     driverlib.lib : sysctl.obj (.text:SysCtlClockSet)
                  000004b4    000000c4                   : sysctl.obj (.text:SysCtlClockGet)
                  00000578    000000b8                   : gpio.obj (.text:GPIOPadConfigSet)
                  00000630    0000009c     rtsv7M4_T_le_v4SPD16_eabi.lib : memcpy_t2.obj (.text)
                  000006cc    00000094                                   : auto_init.obj (.text)
                  00000760    00000060     driverlib.lib : interrupt.obj (.text:IntEnable)
                  000007c0    0000005e     rtsv7M4_T_le_v4SPD16_eabi.lib : copy_decompress_rle.obj (.text)
                  0000081e    00000002     --HOLE-- [fill = 0]
                  00000820    00000048     driverlib.lib : gpio.obj (.text:GPIOPinConfigure)
                  00000868    00000048     rtsv7M4_T_le_v4SPD16_eabi.lib : boot.obj (.text)
                  000008b0    00000044                                   : cpy_tbl.obj (.text)
                  000008f4    00000044                                   : exit.obj (.text)
                  00000938    00000040     driverlib.lib : uart.obj (.text:UARTConfigSetExpClk)
                  00000978    00000034                   : sysctl.obj (.text:SysCtlPeripheralEnable)
                  000009ac    0000002a                   : gpio.obj (.text:GPIODirModeSet)
                  000009d6    00000002     --HOLE-- [fill = 0]
                  000009d8    0000001c                   : uart.obj (.text:UARTDisable)
                  000009f4    00000018     rtsv7M4_T_le_v4SPD16_eabi.lib : args_main.obj (.text)
                  00000a0c    00000014     driverlib.lib : uart.obj (.text:UARTEnable)
                  00000a20    00000014     rtsv7M4_T_le_v4SPD16_eabi.lib : _lock.obj (.text)
                  00000a34    00000012     driverlib.lib : gpio.obj (.text:GPIOPinTypeGPIOOutput)
                  00000a46    00000012                   : gpio.obj (.text:GPIOPinTypeUART)
                  00000a58    0000000e                   : uart.obj (.text:UARTCharGetNonBlocking)
                  00000a66    0000000e                   : uart.obj (.text:UARTCharPutNonBlocking)
                  00000a74    0000000e     rtsv7M4_T_le_v4SPD16_eabi.lib : copy_decompress_none.obj (.text:decompress:none)
                  00000a82    0000000c     driverlib.lib : cpu.obj (.text:CPUcpsie)
                  00000a8e    0000000c                   : uart.obj (.text:UARTCharsAvail)
                  00000a9a    0000000c     tm4c123gh6pm_startup_ccs.obj (.text)
                  00000aa6    0000000a     driverlib.lib : interrupt.obj (.text:IntMasterEnable)
                  00000ab0    0000000a                   : uart.obj (.text:UARTCharGet)
                  00000aba    0000000a                   : uart.obj (.text:UARTCharPut)
                  00000ac4    0000000a                   : uart.obj (.text:UARTIntStatus)
                  00000ace    00000008                   : uart.obj (.text:UARTIntEnable)
                  00000ad6    00000006                   : gpio.obj (.text:GPIOPinWrite)
                  00000adc    00000006                   : sysctl.obj (.text:SysCtlDelay)
                  00000ae2    00000006     rtsv7M4_T_le_v4SPD16_eabi.lib : copy_decompress_rle.obj (.text:decompress:rle24)
                  00000ae8    00000004     driverlib.lib : uart.obj (.text:UARTIntClear)

.const     0    00000aec    00000154     
                  00000aec    00000078     driverlib.lib : gpio.obj (.const:g_pui32GPIOBaseAddrs)
                  00000b64    00000070                   : interrupt.obj (.const)
                  00000bd4    0000006c                   : sysctl.obj (.const:g_pui32Xtals)

.cinit     0    00000c40    00000020     
                  00000c40    0000000f     (.cinit..data.load) [load image, compression = rle]
                  00000c4f    00000001     --HOLE-- [fill = 0]
                  00000c50    00000008     (__TI_handler_table)
                  00000c58    00000008     (__TI_cinit_table)

.stack     0    20000000    00000200     UNINITIALIZED
                  20000000    00000200     --HOLE--

.data      0    20000200    00000014     UNINITIALIZED
                  20000200    00000008     rtsv7M4_T_le_v4SPD16_eabi.lib : _lock.obj (.data)
                  20000208    00000008                                   : exit.obj (.data)
                  20000210    00000004                                   : stkdepth_vars.obj (.data)


LINKER GENERATED COPY TABLES

__TI_cinit_table @ 00000c58 records: 1, size/record: 8, table size: 8
	.data: load addr=00000c40, load size=0000000f bytes, run addr=20000200, run size=00000014 bytes, compression=rle


LINKER GENERATED HANDLER TABLE

__TI_handler_table @ 00000c50 records: 2, size/record: 4, table size: 8
	index: 0, handler: __TI_decompress_rle24
	index: 1, handler: __TI_decompress_none


GLOBAL SYMBOLS: SORTED ALPHABETICALLY BY Name 

address    name
--------   ----
000008f5   C$$EXIT
00000a83   CPUcpsie
000009ad   GPIODirModeSet
00000579   GPIOPadConfigSet
00000821   GPIOPinConfigure
00000a35   GPIOPinTypeGPIOOutput
00000a47   GPIOPinTypeUART
00000ad7   GPIOPinWrite
00000761   IntEnable
00000aa7   IntMasterEnable
00000a9b   ResetISR
UNDEFED    SHT$$INIT_ARRAY$$Base
UNDEFED    SHT$$INIT_ARRAY$$Limit
000004b5   SysCtlClockGet
000003b1   SysCtlClockSet
00000add   SysCtlDelay
00000979   SysCtlPeripheralEnable
00000ab1   UARTCharGet
00000a59   UARTCharGetNonBlocking
00000abb   UARTCharPut
00000a67   UARTCharPutNonBlocking
00000a8f   UARTCharsAvail
00000939   UARTConfigSetExpClk
000009d9   UARTDisable
00000a0d   UARTEnable
00000ae9   UARTIntClear
00000acf   UARTIntEnable
0000026d   UARTIntHandler
00000ac5   UARTIntStatus
20000200   __STACK_END
00000200   __STACK_SIZE
20000200   __STACK_TOP
00000c58   __TI_CINIT_Base
00000c60   __TI_CINIT_Limit
00000c50   __TI_Handler_Table_Base
00000c58   __TI_Handler_Table_Limit
00000001   __TI_args_main
000006cd   __TI_auto_init
20000208   __TI_cleanup_ptr
00000a75   __TI_decompress_none
00000ae3   __TI_decompress_rle24
2000020c   __TI_dtors_ptr
00000000   __TI_static_base__
00000631   __aeabi_memcpy
00000631   __aeabi_memcpy4
00000631   __aeabi_memcpy8
ffffffff   __binit__
ffffffff   __c_args__
20000000   __stack
000009f5   _args_main
00000869   _c_int00
20000200   _lock
00000a2f   _nop
00000a27   _register_lock
00000a21   _register_unlock
20000204   _unlock
000008f9   abort
ffffffff   binit
000008b1   copy_in
00000901   exit
00000000   g_pfnVectors
000002c1   main
20000210   main_func_sp
00000631   memcpy


GLOBAL SYMBOLS: SORTED BY Symbol Address 

address    name
--------   ----
00000000   __TI_static_base__
00000000   g_pfnVectors
00000001   __TI_args_main
00000200   __STACK_SIZE
0000026d   UARTIntHandler
000002c1   main
000003b1   SysCtlClockSet
000004b5   SysCtlClockGet
00000579   GPIOPadConfigSet
00000631   __aeabi_memcpy
00000631   __aeabi_memcpy4
00000631   __aeabi_memcpy8
00000631   memcpy
000006cd   __TI_auto_init
00000761   IntEnable
00000821   GPIOPinConfigure
00000869   _c_int00
000008b1   copy_in
000008f5   C$$EXIT
000008f9   abort
00000901   exit
00000939   UARTConfigSetExpClk
00000979   SysCtlPeripheralEnable
000009ad   GPIODirModeSet
000009d9   UARTDisable
000009f5   _args_main
00000a0d   UARTEnable
00000a21   _register_unlock
00000a27   _register_lock
00000a2f   _nop
00000a35   GPIOPinTypeGPIOOutput
00000a47   GPIOPinTypeUART
00000a59   UARTCharGetNonBlocking
00000a67   UARTCharPutNonBlocking
00000a75   __TI_decompress_none
00000a83   CPUcpsie
00000a8f   UARTCharsAvail
00000a9b   ResetISR
00000aa7   IntMasterEnable
00000ab1   UARTCharGet
00000abb   UARTCharPut
00000ac5   UARTIntStatus
00000acf   UARTIntEnable
00000ad7   GPIOPinWrite
00000add   SysCtlDelay
00000ae3   __TI_decompress_rle24
00000ae9   UARTIntClear
00000c50   __TI_Handler_Table_Base
00000c58   __TI_CINIT_Base
00000c58   __TI_Handler_Table_Limit
00000c60   __TI_CINIT_Limit
20000000   __stack
20000200   __STACK_END
20000200   __STACK_TOP
20000200   _lock
20000204   _unlock
20000208   __TI_cleanup_ptr
2000020c   __TI_dtors_ptr
20000210   main_func_sp
ffffffff   __binit__
ffffffff   __c_args__
ffffffff   binit
UNDEFED    SHT$$INIT_ARRAY$$Base
UNDEFED    SHT$$INIT_ARRAY$$Limit

[64 symbols]
