******************************************************************************
                  TI ARM Linker PC v5.0.4                      
******************************************************************************
>> Linked Sat Nov 01 21:41:57 2014

OUTPUT FILE NAME:   <TIVATUT_ReadButtons.out>
ENTRY POINT SYMBOL: "_c_int00"  address: 000006d1


MEMORY CONFIGURATION

         name            origin    length      used     unused   attr    fill
----------------------  --------  ---------  --------  --------  ----  --------
  FLASH                 00000000   00040000  000008bc  0003f744  R  X
  SRAM                  20000000   00008000  00000218  00007de8  RW X


SEGMENT ALLOCATION MAP

run origin  load origin   length   init length attrs members
----------  ----------- ---------- ----------- ----- -------
00000000    00000000    000008c0   000008c0    r-x
  00000000    00000000    0000026c   0000026c    r-- .intvecs
  0000026c    0000026c    00000618   00000618    r-x .text
  00000888    00000888    00000038   00000038    r-- .cinit
20000000    20000000    00000200   00000000    rw-
  20000000    20000000    00000200   00000000    rw- .stack
20000200    20000200    00000018   00000014    rw-
  20000200    20000200    00000014   00000014    rw- .data
  20000214    20000214    00000004   00000000    rw- .bss


SECTION ALLOCATION MAP

 output                                  attributes/
section   page    origin      length       input sections
--------  ----  ----------  ----------   ----------------
.intvecs   0    00000000    0000026c     
                  00000000    0000026c     startup_ccs.obj (.intvecs)

.init_array 
*          0    00000000    00000000     UNINITIALIZED

.text      0    0000026c    00000618     
                  0000026c    00000130     driverlib.lib : gpio.obj (.text:GPIOPadConfigSet)
                  0000039c    000000f0                   : sysctl.obj (.text:SysCtlClockSet)
                  0000048c    000000b4     main.obj (.text)
                  00000540    0000009c     rtsv7M4_T_le_v4SPD16_eabi.lib : memcpy_t2.obj (.text)
                  000005dc    00000094                                   : auto_init.obj (.text)
                  00000670    0000005e                                   : copy_decompress_rle.obj (.text)
                  000006ce    00000002     --HOLE-- [fill = 0]
                  000006d0    00000048                                   : boot.obj (.text)
                  00000718    00000044                                   : cpy_tbl.obj (.text)
                  0000075c    00000040                                   : exit.obj (.text)
                  0000079c    00000034     driverlib.lib : sysctl.obj (.text:SysCtlPeripheralEnable)
                  000007d0    0000002a                   : gpio.obj (.text:GPIODirModeSet)
                  000007fa    00000018                   : gpio.obj (.text:GPIOPinTypeGPIOOutput)
                  00000812    00000002     --HOLE-- [fill = 0]
                  00000814    00000018     rtsv7M4_T_le_v4SPD16_eabi.lib : args_main.obj (.text)
                  0000082c    00000014                                   : _lock.obj (.text)
                  00000840    00000012                                   : copy_zero_init.obj (.text:decompress:ZI)
                  00000852    0000000e                                   : copy_decompress_none.obj (.text:decompress:none)
                  00000860    0000000c     startup_ccs.obj (.text)
                  0000086c    00000006     driverlib.lib : gpio.obj (.text:GPIOPinRead)
                  00000872    00000006                   : gpio.obj (.text:GPIOPinWrite)
                  00000878    00000006                   : sysctl.obj (.text:SysCtlDelay)
                  0000087e    00000006     rtsv7M4_T_le_v4SPD16_eabi.lib : copy_decompress_rle.obj (.text:decompress:rle24)

.cinit     0    00000888    00000038     
                  00000888    0000000f     (.cinit..data.load) [load image, compression = rle]
                  00000897    00000001     --HOLE-- [fill = 0]
                  00000898    0000000c     (__TI_handler_table)
                  000008a4    00000004     --HOLE-- [fill = 0]
                  000008a8    00000008     (.cinit..bss.load) [load image, compression = zero_init]
                  000008b0    00000010     (__TI_cinit_table)

.stack     0    20000000    00000200     UNINITIALIZED
                  20000000    00000200     --HOLE--

.data      0    20000200    00000014     
                  20000200    00000008     rtsv7M4_T_le_v4SPD16_eabi.lib : _lock.obj (.data)
                  20000208    00000008                                   : exit.obj (.data)
                  20000210    00000004                                   : stkdepth_vars.obj (.data)

.bss       0    20000214    00000004     UNINITIALIZED
                  20000214    00000004     main.obj (.bss)


LINKER GENERATED COPY TABLES

__TI_cinit_table @ 000008b0 records: 2, size/record: 8, table size: 16
	.data: load addr=00000888, load size=0000000f bytes, run addr=20000200, run size=00000014 bytes, compression=rle
	.bss: load addr=000008a8, load size=00000008 bytes, run addr=20000214, run size=00000004 bytes, compression=zero_init


LINKER GENERATED HANDLER TABLE

__TI_handler_table @ 00000898 records: 3, size/record: 4, table size: 12
	index: 0, handler: __TI_decompress_rle24
	index: 1, handler: __TI_decompress_none
	index: 2, handler: __TI_zero_init


GLOBAL SYMBOLS: SORTED ALPHABETICALLY BY Name 

address    name
--------   ----
0000075d   C$$EXIT
000007d1   GPIODirModeSet
0000026d   GPIOPadConfigSet
0000086d   GPIOPinRead
000007fb   GPIOPinTypeGPIOOutput
00000873   GPIOPinWrite
00000861   ResetISR
UNDEFED    SHT$$INIT_ARRAY$$Base
UNDEFED    SHT$$INIT_ARRAY$$Limit
0000039d   SysCtlClockSet
00000879   SysCtlDelay
0000079d   SysCtlPeripheralEnable
20000200   __STACK_END
00000200   __STACK_SIZE
20000200   __STACK_TOP
000008b0   __TI_CINIT_Base
000008c0   __TI_CINIT_Limit
00000898   __TI_Handler_Table_Base
000008a4   __TI_Handler_Table_Limit
00000001   __TI_args_main
000005dd   __TI_auto_init
00000853   __TI_decompress_none
0000087f   __TI_decompress_rle24
00000000   __TI_static_base__
00000841   __TI_zero_init
00000541   __aeabi_memcpy
00000541   __aeabi_memcpy4
00000541   __aeabi_memcpy8
ffffffff   __binit__
ffffffff   __c_args__
20000000   __stack
00000815   _args_main
000006d1   _c_int00
20000208   _cleanup_ptr
2000020c   _dtors_ptr
20000200   _lock
0000083b   _nop
00000833   _register_lock
0000082d   _register_unlock
20000204   _unlock
00000761   abort
ffffffff   binit
00000719   copy_in
00000769   exit
00000000   g_pfnVectors
0000048d   main
20000210   main_func_sp
00000541   memcpy
20000214   read


GLOBAL SYMBOLS: SORTED BY Symbol Address 

address    name
--------   ----
00000000   __TI_static_base__
00000000   g_pfnVectors
00000001   __TI_args_main
00000200   __STACK_SIZE
0000026d   GPIOPadConfigSet
0000039d   SysCtlClockSet
0000048d   main
00000541   __aeabi_memcpy
00000541   __aeabi_memcpy4
00000541   __aeabi_memcpy8
00000541   memcpy
000005dd   __TI_auto_init
000006d1   _c_int00
00000719   copy_in
0000075d   C$$EXIT
00000761   abort
00000769   exit
0000079d   SysCtlPeripheralEnable
000007d1   GPIODirModeSet
000007fb   GPIOPinTypeGPIOOutput
00000815   _args_main
0000082d   _register_unlock
00000833   _register_lock
0000083b   _nop
00000841   __TI_zero_init
00000853   __TI_decompress_none
00000861   ResetISR
0000086d   GPIOPinRead
00000873   GPIOPinWrite
00000879   SysCtlDelay
0000087f   __TI_decompress_rle24
00000898   __TI_Handler_Table_Base
000008a4   __TI_Handler_Table_Limit
000008b0   __TI_CINIT_Base
000008c0   __TI_CINIT_Limit
20000000   __stack
20000200   __STACK_END
20000200   __STACK_TOP
20000200   _lock
20000204   _unlock
20000208   _cleanup_ptr
2000020c   _dtors_ptr
20000210   main_func_sp
20000214   read
ffffffff   __binit__
ffffffff   __c_args__
ffffffff   binit
UNDEFED    SHT$$INIT_ARRAY$$Base
UNDEFED    SHT$$INIT_ARRAY$$Limit

[49 symbols]
