******************************************************************************
                  TI ARM Linker PC v5.1.6                      
******************************************************************************
>> Linked Fri Nov 07 21:10:38 2014

OUTPUT FILE NAME:   <SSI_1.out>
ENTRY POINT SYMBOL: "_c_int00"  address: 00000dad


MEMORY CONFIGURATION

         name            origin    length      used     unused   attr    fill
----------------------  --------  ---------  --------  --------  ----  --------
  FLASH                 00000000   00040000  00001218  0003ede8  R  X
  SRAM                  20000000   00008000  0000021c  00007de4  RW X


SEGMENT ALLOCATION MAP

run origin  load origin   length   init length attrs members
----------  ----------- ---------- ----------- ----- -------
00000000    00000000    00001220   00001220    r-x
  00000000    00000000    0000026c   0000026c    r-- .intvecs
  0000026c    0000026c    00000e62   00000e62    r-x .text
  000010d0    000010d0    0000012a   0000012a    r-- .const
  00001200    00001200    00000020   00000020    r-- .cinit
20000000    20000000    0000021c   00000000    rw-
  20000000    20000000    00000200   00000000    rw- .stack
  20000200    20000200    0000001c   00000000    rw- .data


SECTION ALLOCATION MAP

 output                                  attributes/
section   page    origin      length       input sections
--------  ----  ----------  ----------   ----------------
.intvecs   0    00000000    0000026c     
                  00000000    0000026c     tm4c123gh6pm_startup_ccs.obj (.intvecs)

.init_array 
*          0    00000000    00000000     UNINITIALIZED

.text      0    0000026c    00000e62     
                  0000026c    0000049c     uartstdio.obj (.text)
                  00000708    000001d0     main.obj (.text)
                  000008d8    00000130     driverlib.lib : gpio.obj (.text:GPIOPadConfigSet)
                  00000a08    00000104                   : sysctl.obj (.text:SysCtlClockSet)
                  00000b0c    000000c8                   : sysctl.obj (.text:SysCtlClockGet)
                  00000bd4    0000009c     rtsv7M4_T_le_v4SPD16_eabi.lib : memcpy_t2.obj (.text)
                  00000c70    00000094                                   : auto_init.obj (.text)
                  00000d04    0000005e                                   : copy_decompress_rle.obj (.text)
                  00000d62    00000002     --HOLE-- [fill = 0]
                  00000d64    00000048     driverlib.lib : gpio.obj (.text:GPIOPinConfigure)
                  00000dac    00000048     rtsv7M4_T_le_v4SPD16_eabi.lib : boot.obj (.text)
                  00000df4    00000044                                   : cpy_tbl.obj (.text)
                  00000e38    00000044                                   : exit.obj (.text)
                  00000e7c    00000042     driverlib.lib : ssi.obj (.text:SSIConfigSetExpClk)
                  00000ebe    00000042     rtsv7M4_T_le_v4SPD16_eabi.lib : u_divt2.obj (.text)
                  00000f00    00000040     driverlib.lib : uart.obj (.text:UARTConfigSetExpClk)
                  00000f40    00000034                   : sysctl.obj (.text:SysCtlPeripheralEnable)
                  00000f74    00000034                   : sysctl.obj (.text:SysCtlPeripheralPresent)
                  00000fa8    0000002a                   : gpio.obj (.text:GPIODirModeSet)
                  00000fd2    00000002     --HOLE-- [fill = 0]
                  00000fd4    0000001c                   : uart.obj (.text:UARTDisable)
                  00000ff0    00000018     rtsv7M4_T_le_v4SPD16_eabi.lib : args_main.obj (.text)
                  00001008    00000014     driverlib.lib : uart.obj (.text:UARTEnable)
                  0000101c    00000014     rtsv7M4_T_le_v4SPD16_eabi.lib : _lock.obj (.text)
                  00001030    00000012     driverlib.lib : gpio.obj (.text:GPIOPinTypeSSI)
                  00001042    00000012                   : gpio.obj (.text:GPIOPinTypeUART)
                  00001054    00000012                   : ssi.obj (.text:SSIDataGetNonBlocking)
                  00001066    0000000e     rtsv7M4_T_le_v4SPD16_eabi.lib : copy_decompress_none.obj (.text:decompress:none)
                  00001074    0000000c     driverlib.lib : ssi.obj (.text:SSIDataGet)
                  00001080    0000000c     tm4c123gh6pm_startup_ccs.obj (.text)
                  0000108c    0000000a     driverlib.lib : ssi.obj (.text:SSIDataPut)
                  00001096    0000000a                   : ssi.obj (.text:SSIEnable)
                  000010a0    0000000a                   : uart.obj (.text:UARTCharGet)
                  000010aa    0000000a                   : uart.obj (.text:UARTCharPut)
                  000010b4    00000008                   : ssi.obj (.text:SSIBusy)
                  000010bc    00000006                   : sysctl.obj (.text:SysCtlDelay)
                  000010c2    00000006                   : uart.obj (.text:UARTClockSourceSet)
                  000010c8    00000006     rtsv7M4_T_le_v4SPD16_eabi.lib : copy_decompress_rle.obj (.text:decompress:rle24)

.const     0    000010d0    0000012a     
                  000010d0    00000090     driverlib.lib : gpio.obj (.const:g_pui32GPIOBaseAddrs)
                  00001160    0000006c                   : sysctl.obj (.const:g_pui32Xtals)
                  000011cc    0000001c     uartstdio.obj (.const)
                  000011e8    00000012     uartstdio.obj (.const:.string)

.cinit     0    00001200    00000020     
                  00001200    0000000f     (.cinit..data.load) [load image, compression = rle]
                  0000120f    00000001     --HOLE-- [fill = 0]
                  00001210    00000008     (__TI_handler_table)
                  00001218    00000008     (__TI_cinit_table)

.stack     0    20000000    00000200     UNINITIALIZED
                  20000000    00000200     --HOLE--

.data      0    20000200    0000001c     UNINITIALIZED
                  20000200    00000008     rtsv7M4_T_le_v4SPD16_eabi.lib : _lock.obj (.data)
                  20000208    00000008                                   : exit.obj (.data)
                  20000210    00000005     uartstdio.obj (.data)
                  20000215    00000003     --HOLE--
                  20000218    00000004     rtsv7M4_T_le_v4SPD16_eabi.lib : stkdepth_vars.obj (.data)


LINKER GENERATED COPY TABLES

__TI_cinit_table @ 00001218 records: 1, size/record: 8, table size: 8
	.data: load addr=00001200, load size=0000000f bytes, run addr=20000200, run size=0000001c bytes, compression=rle


LINKER GENERATED HANDLER TABLE

__TI_handler_table @ 00001210 records: 2, size/record: 4, table size: 8
	index: 0, handler: __TI_decompress_rle24
	index: 1, handler: __TI_decompress_none


GLOBAL SYMBOLS: SORTED ALPHABETICALLY BY Name 

address    name
--------   ----
00000e39   C$$EXIT
00000fa9   GPIODirModeSet
000008d9   GPIOPadConfigSet
00000d65   GPIOPinConfigure
00001031   GPIOPinTypeSSI
00001043   GPIOPinTypeUART
00000709   InitConsole
00001081   ResetISR
UNDEFED    SHT$$INIT_ARRAY$$Base
UNDEFED    SHT$$INIT_ARRAY$$Limit
000010b5   SSIBusy
00000e7d   SSIConfigSetExpClk
00001075   SSIDataGet
00001055   SSIDataGetNonBlocking
0000108d   SSIDataPut
00001097   SSIEnable
00000b0d   SysCtlClockGet
00000a09   SysCtlClockSet
000010bd   SysCtlDelay
00000f41   SysCtlPeripheralEnable
00000f75   SysCtlPeripheralPresent
000010a1   UARTCharGet
000010ab   UARTCharPut
000010c3   UARTClockSourceSet
00000f01   UARTConfigSetExpClk
00000fd5   UARTDisable
00001009   UARTEnable
0000026d   UARTStdioConfig
000003b3   UARTgetc
000002f9   UARTgets
000006d3   UARTprintf
000003d9   UARTvprintf
000002b3   UARTwrite
20000200   __STACK_END
00000200   __STACK_SIZE
20000200   __STACK_TOP
00001218   __TI_CINIT_Base
00001220   __TI_CINIT_Limit
00001210   __TI_Handler_Table_Base
00001218   __TI_Handler_Table_Limit
00000001   __TI_args_main
00000c71   __TI_auto_init
20000208   __TI_cleanup_ptr
00001067   __TI_decompress_none
000010c9   __TI_decompress_rle24
2000020c   __TI_dtors_ptr
00000000   __TI_static_base__
00000bd5   __aeabi_memcpy
00000bd5   __aeabi_memcpy4
00000bd5   __aeabi_memcpy8
00000ebf   __aeabi_uidivmod
ffffffff   __binit__
ffffffff   __c_args__
20000000   __stack
00000ff1   _args_main
00000dad   _c_int00
20000200   _lock
0000102b   _nop
00001023   _register_lock
0000101d   _register_unlock
20000204   _unlock
00000e3d   abort
ffffffff   binit
00000df5   copy_in
00000e45   exit
00000000   g_pfnVectors
00000745   main
20000218   main_func_sp
00000bd5   memcpy


GLOBAL SYMBOLS: SORTED BY Symbol Address 

address    name
--------   ----
00000000   __TI_static_base__
00000000   g_pfnVectors
00000001   __TI_args_main
00000200   __STACK_SIZE
0000026d   UARTStdioConfig
000002b3   UARTwrite
000002f9   UARTgets
000003b3   UARTgetc
000003d9   UARTvprintf
000006d3   UARTprintf
00000709   InitConsole
00000745   main
000008d9   GPIOPadConfigSet
00000a09   SysCtlClockSet
00000b0d   SysCtlClockGet
00000bd5   __aeabi_memcpy
00000bd5   __aeabi_memcpy4
00000bd5   __aeabi_memcpy8
00000bd5   memcpy
00000c71   __TI_auto_init
00000d65   GPIOPinConfigure
00000dad   _c_int00
00000df5   copy_in
00000e39   C$$EXIT
00000e3d   abort
00000e45   exit
00000e7d   SSIConfigSetExpClk
00000ebf   __aeabi_uidivmod
00000f01   UARTConfigSetExpClk
00000f41   SysCtlPeripheralEnable
00000f75   SysCtlPeripheralPresent
00000fa9   GPIODirModeSet
00000fd5   UARTDisable
00000ff1   _args_main
00001009   UARTEnable
0000101d   _register_unlock
00001023   _register_lock
0000102b   _nop
00001031   GPIOPinTypeSSI
00001043   GPIOPinTypeUART
00001055   SSIDataGetNonBlocking
00001067   __TI_decompress_none
00001075   SSIDataGet
00001081   ResetISR
0000108d   SSIDataPut
00001097   SSIEnable
000010a1   UARTCharGet
000010ab   UARTCharPut
000010b5   SSIBusy
000010bd   SysCtlDelay
000010c3   UARTClockSourceSet
000010c9   __TI_decompress_rle24
00001210   __TI_Handler_Table_Base
00001218   __TI_CINIT_Base
00001218   __TI_Handler_Table_Limit
00001220   __TI_CINIT_Limit
20000000   __stack
20000200   __STACK_END
20000200   __STACK_TOP
20000200   _lock
20000204   _unlock
20000208   __TI_cleanup_ptr
2000020c   __TI_dtors_ptr
20000218   main_func_sp
ffffffff   __binit__
ffffffff   __c_args__
ffffffff   binit
UNDEFED    SHT$$INIT_ARRAY$$Base
UNDEFED    SHT$$INIT_ARRAY$$Limit

[69 symbols]
